[32m2026-02-17 02:54:18.114[0m | [1mINFO    [0m | [36msrc.core.kernel[0m:[36mstart[0m:[36m77[0m - [1mStarting Web OS Engine boot sequence...[0m
[32m2026-02-17 02:54:18.114[0m | [1mINFO    [0m | [36msrc.core.kernel[0m:[36mdiscover_modules[0m:[36m31[0m - [1mDiscovering modules in src.modules...[0m
[32m2026-02-17 02:54:18.115[0m | [34m[1mDEBUG   [0m | [36msrc.core.kernel[0m:[36m_load_module[0m:[36m44[0m - [34m[1mLoading module: src.modules.demo[0m
[32m2026-02-17 02:54:18.115[0m | [34m[1mDEBUG   [0m | [36msrc.core.di[0m:[36mresolve[0m:[36m61[0m - [34m[1mDI Resolving: <class 'src.modules.demo.module.DemoModule'>[0m
[32m2026-02-17 02:54:18.116[0m | [1mINFO    [0m | [36msrc.core.kernel[0m:[36m_load_module[0m:[36m66[0m - [1mModule demo (v1.0.0) loaded successfully.[0m
[32m2026-02-17 02:54:18.141[0m | [34m[1mDEBUG   [0m | [36msrc.core.kernel[0m:[36m_load_module[0m:[36m44[0m - [34m[1mLoading module: src.modules.task_manager[0m
[32m2026-02-17 02:54:18.141[0m | [34m[1mDEBUG   [0m | [36msrc.core.di[0m:[36mresolve[0m:[36m61[0m - [34m[1mDI Resolving: <class 'src.modules.task_manager.module.TaskManagerModule'>[0m
[32m2026-02-17 02:54:18.141[0m | [34m[1mDEBUG   [0m | [36msrc.core.di[0m:[36mresolve[0m:[36m61[0m - [34m[1mDI Resolving: <class 'src.core.di.DIContainer'>[0m
[32m2026-02-17 02:54:18.141[0m | [1mINFO    [0m | [36msrc.core.kernel[0m:[36m_load_module[0m:[36m66[0m - [1mModule task_manager (v0.1.0) loaded successfully.[0m
[32m2026-02-17 02:54:18.141[0m | [34m[1mDEBUG   [0m | [36msrc.core.kernel[0m:[36mstart[0m:[36m91[0m - [34m[1mInitializing module: demo[0m
[32m2026-02-17 02:54:18.141[0m | [1mINFO    [0m | [36msrc.modules.demo.module[0m:[36minitialize[0m:[36m13[0m - [1mDemoModule initializing...[0m
[32m2026-02-17 02:54:18.141[0m | [34m[1mDEBUG   [0m | [36msrc.core.kernel[0m:[36mstart[0m:[36m91[0m - [34m[1mInitializing module: task_manager[0m
[32m2026-02-17 02:54:18.141[0m | [34m[1mDEBUG   [0m | [36msrc.core.di[0m:[36mresolve[0m:[36m61[0m - [34m[1mDI Resolving: <class 'src.core.infrastructure.persistence.beanie_adapter.DatabaseManager'>[0m
[32m2026-02-17 02:54:18.141[0m | [34m[1mDEBUG   [0m | [36msrc.core.di[0m:[36mresolve[0m:[36m61[0m - [34m[1mDI Resolving: <class 'str'>[0m
[32m2026-02-17 02:54:18.142[0m | [31m[1mERROR   [0m | [36msrc.core.kernel[0m:[36mstart[0m:[36m98[0m - [31m[1mError during initialization of task_manager: Service <class 'str'> not registered.[0m
Traceback (most recent call last):
  File "D:\github\webos\src\core\kernel.py", line 92, in start
    await module.initialize()
  File "D:\github\webos\src\modules\task_manager\module.py", line 17, in initialize
    db_manager = self._di.resolve(DatabaseManager)
                 ^^^^^^^^^^^^^^^^^^^^^^^^^^^^^^^^^
  File "D:\github\webos\src\core\di.py", line 74, in resolve
    registration.instance = self._create_instance(registration)
                            ^^^^^^^^^^^^^^^^^^^^^^^^^^^^^^^^^^^
  File "D:\github\webos\src\core\di.py", line 97, in _create_instance
    return self._inject_constructor(registration.implementation)
           ^^^^^^^^^^^^^^^^^^^^^^^^^^^^^^^^^^^^^^^^^^^^^^^^^^^^^
  File "D:\github\webos\src\core\di.py", line 121, in _inject_constructor
    args[name] = self.resolve(type_hints[name])
                 ^^^^^^^^^^^^^^^^^^^^^^^^^^^^^^
  File "D:\github\webos\src\core\di.py", line 68, in resolve
    raise ServiceNotFoundError(f"Service {service_type} not registered.")
src.core.di.ServiceNotFoundError: Service <class 'str'> not registered.

During handling of the above exception, another exception occurred:

Traceback (most recent call last):
  File "D:\github\webos\samples\02_task_manager\main.py", line 33, in <module>
    asyncio.run(run_task_sample())
  File "C:\Users\sanal\AppData\Local\Programs\Python\Python311\Lib\asyncio\runners.py", line 190, in run
    return runner.run(main)
           ^^^^^^^^^^^^^^^^
  File "C:\Users\sanal\AppData\Local\Programs\Python\Python311\Lib\asyncio\runners.py", line 118, in run
    return self._loop.run_until_complete(task)
           ^^^^^^^^^^^^^^^^^^^^^^^^^^^^^^^^^^^
  File "C:\Users\sanal\AppData\Local\Programs\Python\Python311\Lib\asyncio\base_events.py", line 654, in run_until_complete
    return future.result()
           ^^^^^^^^^^^^^^^
  File "D:\github\webos\samples\02_task_manager\main.py", line 11, in run_task_sample
    await engine.start()
  File "D:\github\webos\src\core\kernel.py", line 99, in start
    raise ModuleLoadError(f"Module {module.name} failed to initialize.", details={"error": str(e)})
src.core.exceptions.ModuleLoadError: Module task_manager failed to initialize.
